2016-08-31 18:40:55: empty string!!!2016-08-31 18:44:26: empty string!!!2016-08-31 18:44:48: empty string!!!2016-08-31 18:44:49: empty string!!!